// Jest Snapshot v1, https://goo.gl/fbAQLP

exports[`renders successfully with props 1`] = `
<div>
  <div
    class="radBtn1"
  >
    <div>
      <div>
        <input
          id="react-radio-button-group-1-VehicleB"
          name="radBtn1"
          type="radio"
          value="VehicleB"
        />
        <label
          for="react-radio-button-group-1-VehicleB"
        >
          VehicleB (2)
        </label>
      </div>
      <div>
        <input
          checked=""
          id="react-radio-button-group-1-VehicleA"
          name="radBtn1"
          type="radio"
          value="VehicleA"
        />
        <label
          for="react-radio-button-group-1-VehicleA"
        >
          VehicleA (1)
        </label>
      </div>
    </div>
  </div>
</div>
`;
